// Jest Snapshot v1, https://goo.gl/fbAQLP

exports[`Movies Component renders correctly 1`] = `
<div
  className="movies_container"
/>
`;
